Archive member included to satisfy reference by file (symbol)

c:/ac6/systemworkbench/plugins/fr.ac6.mcu.externaltools.arm-none.win32_1.15.0.201708311556/tools/compiler/bin/../lib/gcc/arm-none-eabi/6.3.1/../../../../arm-none-eabi/lib/thumb/v7-m\libc_nano.a(lib_a-exit.o)
                              c:/ac6/systemworkbench/plugins/fr.ac6.mcu.externaltools.arm-none.win32_1.15.0.201708311556/tools/compiler/bin/../lib/gcc/arm-none-eabi/6.3.1/../../../../arm-none-eabi/lib/thumb/v7-m/crt0.o (exit)
c:/ac6/systemworkbench/plugins/fr.ac6.mcu.externaltools.arm-none.win32_1.15.0.201708311556/tools/compiler/bin/../lib/gcc/arm-none-eabi/6.3.1/../../../../arm-none-eabi/lib/thumb/v7-m\libc_nano.a(lib_a-impure.o)
                              c:/ac6/systemworkbench/plugins/fr.ac6.mcu.externaltools.arm-none.win32_1.15.0.201708311556/tools/compiler/bin/../lib/gcc/arm-none-eabi/6.3.1/../../../../arm-none-eabi/lib/thumb/v7-m\libc_nano.a(lib_a-exit.o) (_global_impure_ptr)
c:/ac6/systemworkbench/plugins/fr.ac6.mcu.externaltools.arm-none.win32_1.15.0.201708311556/tools/compiler/bin/../lib/gcc/arm-none-eabi/6.3.1/../../../../arm-none-eabi/lib/thumb/v7-m\libc_nano.a(lib_a-init.o)
                              c:/ac6/systemworkbench/plugins/fr.ac6.mcu.externaltools.arm-none.win32_1.15.0.201708311556/tools/compiler/bin/../lib/gcc/arm-none-eabi/6.3.1/../../../../arm-none-eabi/lib/thumb/v7-m/crt0.o (__libc_init_array)
c:/ac6/systemworkbench/plugins/fr.ac6.mcu.externaltools.arm-none.win32_1.15.0.201708311556/tools/compiler/bin/../lib/gcc/arm-none-eabi/6.3.1/../../../../arm-none-eabi/lib/thumb/v7-m\libc_nano.a(lib_a-itoa.o)
                              Src/OLEDDisplay.o (itoa)
c:/ac6/systemworkbench/plugins/fr.ac6.mcu.externaltools.arm-none.win32_1.15.0.201708311556/tools/compiler/bin/../lib/gcc/arm-none-eabi/6.3.1/../../../../arm-none-eabi/lib/thumb/v7-m\libc_nano.a(lib_a-memcpy-stub.o)
                              Middlewares/FreeRTOS/queue.o (memcpy)
c:/ac6/systemworkbench/plugins/fr.ac6.mcu.externaltools.arm-none.win32_1.15.0.201708311556/tools/compiler/bin/../lib/gcc/arm-none-eabi/6.3.1/../../../../arm-none-eabi/lib/thumb/v7-m\libc_nano.a(lib_a-memset.o)
                              c:/ac6/systemworkbench/plugins/fr.ac6.mcu.externaltools.arm-none.win32_1.15.0.201708311556/tools/compiler/bin/../lib/gcc/arm-none-eabi/6.3.1/../../../../arm-none-eabi/lib/thumb/v7-m/crt0.o (memset)
c:/ac6/systemworkbench/plugins/fr.ac6.mcu.externaltools.arm-none.win32_1.15.0.201708311556/tools/compiler/bin/../lib/gcc/arm-none-eabi/6.3.1/../../../../arm-none-eabi/lib/thumb/v7-m\libc_nano.a(lib_a-utoa.o)
                              c:/ac6/systemworkbench/plugins/fr.ac6.mcu.externaltools.arm-none.win32_1.15.0.201708311556/tools/compiler/bin/../lib/gcc/arm-none-eabi/6.3.1/../../../../arm-none-eabi/lib/thumb/v7-m\libc_nano.a(lib_a-itoa.o) (__utoa)
c:/ac6/systemworkbench/plugins/fr.ac6.mcu.externaltools.arm-none.win32_1.15.0.201708311556/tools/compiler/bin/../lib/gcc/arm-none-eabi/6.3.1/../../../../arm-none-eabi/lib/thumb/v7-m\libnosys.a(_exit.o)
                              c:/ac6/systemworkbench/plugins/fr.ac6.mcu.externaltools.arm-none.win32_1.15.0.201708311556/tools/compiler/bin/../lib/gcc/arm-none-eabi/6.3.1/../../../../arm-none-eabi/lib/thumb/v7-m\libc_nano.a(lib_a-exit.o) (_exit)

Allocating common symbols
Common symbol       size              file

defaultTaskHandle   0x4               Src/freertos.o
hi2c1               0x54              Src/i2c.o
hi2c2               0x54              Src/i2c.o
uwTick              0x4               Drivers/STM32F1xx_HAL_Driver/stm32f1xx_hal.o
xQueueRegistry      0x40              Middlewares/FreeRTOS/queue.o
pFlash              0x20              Drivers/STM32F1xx_HAL_Driver/stm32f1xx_hal_flash.o
LedTaskHandle       0x4               Src/freertos.o
htim1               0x40              Src/stm32f1xx_hal_timebase_TIM.o
BinarySemDisplayHandle
                    0x4               Src/freertos.o

Discarded input sections

 .text          0x00000000        0x0 c:/ac6/systemworkbench/plugins/fr.ac6.mcu.externaltools.arm-none.win32_1.15.0.201708311556/tools/compiler/bin/../lib/gcc/arm-none-eabi/6.3.1/thumb/v7-m/crti.o
 .data          0x00000000        0x0 c:/ac6/systemworkbench/plugins/fr.ac6.mcu.externaltools.arm-none.win32_1.15.0.201708311556/tools/compiler/bin/../lib/gcc/arm-none-eabi/6.3.1/thumb/v7-m/crti.o
 .bss           0x00000000        0x0 c:/ac6/systemworkbench/plugins/fr.ac6.mcu.externaltools.arm-none.win32_1.15.0.201708311556/tools/compiler/bin/../lib/gcc/arm-none-eabi/6.3.1/thumb/v7-m/crti.o
 .data          0x00000000        0x4 c:/ac6/systemworkbench/plugins/fr.ac6.mcu.externaltools.arm-none.win32_1.15.0.201708311556/tools/compiler/bin/../lib/gcc/arm-none-eabi/6.3.1/thumb/v7-m/crtbegin.o
[...]
Memory Configuration

Name             Origin             Length             Attributes
RAM              0x20000000         0x00005000         xrw
FLASH            0x08000000         0x00010000         xr
*default*        0x00000000         0xffffffff

Linker script and memory map

LOAD c:/ac6/systemworkbench/plugins/fr.ac6.mcu.externaltools.arm-none.win32_1.15.0.201708311556/tools/compiler/bin/../lib/gcc/arm-none-eabi/6.3.1/thumb/v7-m/crti.o
LOAD c:/ac6/systemworkbench/plugins/fr.ac6.mcu.externaltools.arm-none.win32_1.15.0.201708311556/tools/compiler/bin/../lib/gcc/arm-none-eabi/6.3.1/thumb/v7-m/crtbegin.o
LOAD c:/ac6/systemworkbench/plugins/fr.ac6.mcu.externaltools.arm-none.win32_1.15.0.201708311556/tools/compiler/bin/../lib/gcc/arm-none-eabi/6.3.1/../../../../arm-none-eabi/lib/thumb/v7-m/crt0.o
LOAD Drivers/STM32F1xx_HAL_Driver/stm32f1xx_hal.o
LOAD Drivers/STM32F1xx_HAL_Driver/stm32f1xx_hal_cortex.o
LOAD Drivers/STM32F1xx_HAL_Driver/stm32f1xx_hal_dma.o
LOAD Drivers/STM32F1xx_HAL_Driver/stm32f1xx_hal_flash.o
LOAD Drivers/STM32F1xx_HAL_Driver/stm32f1xx_hal_flash_ex.o
LOAD Drivers/STM32F1xx_HAL_Driver/stm32f1xx_hal_gpio.o
LOAD Drivers/STM32F1xx_HAL_Driver/stm32f1xx_hal_gpio_ex.o
LOAD Drivers/STM32F1xx_HAL_Driver/stm32f1xx_hal_i2c.o
LOAD Drivers/STM32F1xx_HAL_Driver/stm32f1xx_hal_pwr.o
LOAD Drivers/STM32F1xx_HAL_Driver/stm32f1xx_hal_rcc.o
LOAD Drivers/STM32F1xx_HAL_Driver/stm32f1xx_hal_rcc_ex.o
LOAD Drivers/STM32F1xx_HAL_Driver/stm32f1xx_hal_tim.o
LOAD Drivers/STM32F1xx_HAL_Driver/stm32f1xx_hal_tim_ex.o
LOAD Middlewares/FreeRTOS/cmsis_os.o
LOAD Middlewares/FreeRTOS/croutine.o
LOAD Middlewares/FreeRTOS/event_groups.o
LOAD Middlewares/FreeRTOS/heap_2.o
LOAD Middlewares/FreeRTOS/list.o
LOAD Middlewares/FreeRTOS/port.o
LOAD Middlewares/FreeRTOS/queue.o
LOAD Middlewares/FreeRTOS/tasks.o
LOAD Middlewares/FreeRTOS/timers.o
LOAD Src/OLEDDisplay.o
LOAD Src/freertos.o
LOAD Src/gpio.o
LOAD Src/i2c.o
LOAD Src/main.o
LOAD Src/stm32f1xx_hal_msp.o
LOAD Src/stm32f1xx_hal_timebase_TIM.o
LOAD Src/stm32f1xx_it.o
LOAD Src/system_stm32f1xx.o
LOAD startup/startup_stm32f103xb.o
LOAD c:/ac6/systemworkbench/plugins/fr.ac6.mcu.externaltools.arm-none.win32_1.15.0.201708311556/tools/compiler/bin/../lib/gcc/arm-none-eabi/6.3.1/../../../../arm-none-eabi/lib/thumb/v7-m\libm.a
START GROUP
LOAD c:/ac6/systemworkbench/plugins/fr.ac6.mcu.externaltools.arm-none.win32_1.15.0.201708311556/tools/compiler/bin/../lib/gcc/arm-none-eabi/6.3.1/thumb/v7-m\libgcc.a
LOAD c:/ac6/systemworkbench/plugins/fr.ac6.mcu.externaltools.arm-none.win32_1.15.0.201708311556/tools/compiler/bin/../lib/gcc/arm-none-eabi/6.3.1/../../../../arm-none-eabi/lib/thumb/v7-m\libc_nano.a
END GROUP
START GROUP
LOAD c:/ac6/systemworkbench/plugins/fr.ac6.mcu.externaltools.arm-none.win32_1.15.0.201708311556/tools/compiler/bin/../lib/gcc/arm-none-eabi/6.3.1/thumb/v7-m\libgcc.a
LOAD c:/ac6/systemworkbench/plugins/fr.ac6.mcu.externaltools.arm-none.win32_1.15.0.201708311556/tools/compiler/bin/../lib/gcc/arm-none-eabi/6.3.1/../../../../arm-none-eabi/lib/thumb/v7-m\libc_nano.a
LOAD c:/ac6/systemworkbench/plugins/fr.ac6.mcu.externaltools.arm-none.win32_1.15.0.201708311556/tools/compiler/bin/../lib/gcc/arm-none-eabi/6.3.1/../../../../arm-none-eabi/lib/thumb/v7-m\libnosys.a
END GROUP
START GROUP
LOAD c:/ac6/systemworkbench/plugins/fr.ac6.mcu.externaltools.arm-none.win32_1.15.0.201708311556/tools/compiler/bin/../lib/gcc/arm-none-eabi/6.3.1/thumb/v7-m\libgcc.a
LOAD c:/ac6/systemworkbench/plugins/fr.ac6.mcu.externaltools.arm-none.win32_1.15.0.201708311556/tools/compiler/bin/../lib/gcc/arm-none-eabi/6.3.1/../../../../arm-none-eabi/lib/thumb/v7-m\libc_nano.a
LOAD c:/ac6/systemworkbench/plugins/fr.ac6.mcu.externaltools.arm-none.win32_1.15.0.201708311556/tools/compiler/bin/../lib/gcc/arm-none-eabi/6.3.1/../../../../arm-none-eabi/lib/thumb/v7-m\libnosys.a
END GROUP
LOAD c:/ac6/systemworkbench/plugins/fr.ac6.mcu.externaltools.arm-none.win32_1.15.0.201708311556/tools/compiler/bin/../lib/gcc/arm-none-eabi/6.3.1/thumb/v7-m/crtend.o
LOAD c:/ac6/systemworkbench/plugins/fr.ac6.mcu.externaltools.arm-none.win32_1.15.0.201708311556/tools/compiler/bin/../lib/gcc/arm-none-eabi/6.3.1/thumb/v7-m/crtn.o
                0x20005000                _estack = 0x20005000
                0x00000200                _Min_Heap_Size = 0x200
                0x00000400                _Min_Stack_Size = 0x400

.isr_vector     0x08000000      0x10c
                0x08000000                . = ALIGN (0x4)
 *(.isr_vector)
 .isr_vector    0x08000000      0x10c startup/startup_stm32f103xb.o
                0x08000000                g_pfnVectors
                0x0800010c                . = ALIGN (0x4)

.text           0x08000110     0x2a20
                0x08000110                . = ALIGN (0x4)
 *(.text)
 .text          0x08000110       0x6c c:/ac6/systemworkbench/plugins/fr.ac6.mcu.externaltools.arm-none.win32_1.15.0.201708311556/tools/compiler/bin/../lib/gcc/arm-none-eabi/6.3.1/thumb/v7-m/crtbegin.o
 *(.text*)
 .text.HAL_Init
                0x0800017c       0x24 Drivers/STM32F1xx_HAL_Driver/stm32f1xx_hal.o
                0x0800017c                HAL_Init
 .text.HAL_IncTick
                0x080001a0       0x10 Drivers/STM32F1xx_HAL_Driver/stm32f1xx_hal.o
                0x080001a0                HAL_IncTick
 .text.HAL_GetTick
                0x080001b0        0xc Drivers/STM32F1xx_HAL_Driver/stm32f1xx_hal.o
                0x080001b0                HAL_GetTick
 .text.HAL_NVIC_SetPriorityGrouping
                0x080001bc       0x24 Drivers/STM32F1xx_HAL_Driver/stm32f1xx_hal_cortex.o
                0x080001bc                HAL_NVIC_SetPriorityGrouping
 .text.HAL_NVIC_SetPriority
                0x080001e0       0x64 Drivers/STM32F1xx_HAL_Driver/stm32f1xx_hal_cortex.o
                0x080001e0                HAL_NVIC_SetPriority
 .text.HAL_NVIC_EnableIRQ
                0x08000244       0x18 Drivers/STM32F1xx_HAL_Driver/stm32f1xx_hal_cortex.o
                0x08000244                HAL_NVIC_EnableIRQ
 .text.HAL_SYSTICK_Config
                0x0800025c       0x2c Drivers/STM32F1xx_HAL_Driver/stm32f1xx_hal_cortex.o
                0x0800025c                HAL_SYSTICK_Config
 .text.HAL_SYSTICK_CLKSourceConfig
                0x08000288       0x20 Drivers/STM32F1xx_HAL_Driver/stm32f1xx_hal_cortex.o
                0x08000288                HAL_SYSTICK_CLKSourceConfig
 .text.HAL_GPIO_Init
                0x080002a8      0x1ec Drivers/STM32F1xx_HAL_Driver/stm32f1xx_hal_gpio.o
                0x080002a8                HAL_GPIO_Init
 .text.HAL_GPIO_WritePin
                0x08000494        0xc Drivers/STM32F1xx_HAL_Driver/stm32f1xx_hal_gpio.o
                0x08000494                HAL_GPIO_WritePin
 .text.HAL_GPIO_TogglePin
                0x080004a0        0x8 Drivers/STM32F1xx_HAL_Driver/stm32f1xx_hal_gpio.o
                0x080004a0                HAL_GPIO_TogglePin
 .text.HAL_GPIO_EXTI_Callback
                0x080004a8        0x2 Drivers/STM32F1xx_HAL_Driver/stm32f1xx_hal_gpio.o
                0x080004a8                HAL_GPIO_EXTI_Callback
 *fill*         0x080004aa        0x2 
 .text.HAL_GPIO_EXTI_IRQHandler
                0x080004ac       0x1c Drivers/STM32F1xx_HAL_Driver/stm32f1xx_hal_gpio.o
                0x080004ac                HAL_GPIO_EXTI_IRQHandler
 .text.I2C_IsAcknowledgeFailed
                0x080004c8       0x2a Drivers/STM32F1xx_HAL_Driver/stm32f1xx_hal_i2c.o
 .text.I2C_WaitOnFlagUntilTimeout
                0x080004f2       0x68 Drivers/STM32F1xx_HAL_Driver/stm32f1xx_hal_i2c.o
 .text.I2C_WaitOnMasterAddressFlagUntilTimeout
                0x0800055a       0x90 Drivers/STM32F1xx_HAL_Driver/stm32f1xx_hal_i2c.o
 .text.I2C_WaitOnTXEFlagUntilTimeout
                0x080005ea       0x4e Drivers/STM32F1xx_HAL_Driver/stm32f1xx_hal_i2c.o
 .text.I2C_RequestMemoryWrite
                0x08000638       0xd4 Drivers/STM32F1xx_HAL_Driver/stm32f1xx_hal_i2c.o
 .text.I2C_WaitOnBTFFlagUntilTimeout
                0x0800070c       0x4e Drivers/STM32F1xx_HAL_Driver/stm32f1xx_hal_i2c.o
 *fill*         0x0800075a        0x2 
 .text.HAL_I2C_Init
                0x0800075c      0x11c Drivers/STM32F1xx_HAL_Driver/stm32f1xx_hal_i2c.o
                0x0800075c                HAL_I2C_Init
 .text.HAL_I2C_Mem_Write
                0x08000878      0x17c Drivers/STM32F1xx_HAL_Driver/stm32f1xx_hal_i2c.o
                0x08000878                HAL_I2C_Mem_Write
 .text.RCC_Delay
                0x080009f4       0x2c Drivers/STM32F1xx_HAL_Driver/stm32f1xx_hal_rcc.o
 .text.HAL_RCC_OscConfig
                0x08000a20      0x3e0 Drivers/STM32F1xx_HAL_Driver/stm32f1xx_hal_rcc.o
                0x08000a20                HAL_RCC_OscConfig
 .text.HAL_RCC_GetSysClockFreq
                0x08000e00       0x6c Drivers/STM32F1xx_HAL_Driver/stm32f1xx_hal_rcc.o
                0x08000e00                HAL_RCC_GetSysClockFreq
 .text.HAL_RCC_ClockConfig
                0x08000e6c      0x178 Drivers/STM32F1xx_HAL_Driver/stm32f1xx_hal_rcc.o
                0x08000e6c                HAL_RCC_ClockConfig
 .text.HAL_RCC_GetHCLKFreq
                0x08000fe4        0xc Drivers/STM32F1xx_HAL_Driver/stm32f1xx_hal_rcc.o
                0x08000fe4                HAL_RCC_GetHCLKFreq
 .text.HAL_RCC_GetPCLK1Freq
                0x08000ff0       0x20 Drivers/STM32F1xx_HAL_Driver/stm32f1xx_hal_rcc.o
                0x08000ff0                HAL_RCC_GetPCLK1Freq
 .text.HAL_RCC_GetPCLK2Freq
                0x08001010       0x20 Drivers/STM32F1xx_HAL_Driver/stm32f1xx_hal_rcc.o
                0x08001010                HAL_RCC_GetPCLK2Freq
 .text.HAL_RCC_GetClockConfig
                0x08001030       0x3c Drivers/STM32F1xx_HAL_Driver/stm32f1xx_hal_rcc.o
                0x08001030                HAL_RCC_GetClockConfig
 .text.HAL_TIM_Base_MspInit
                0x0800106c        0x2 Drivers/STM32F1xx_HAL_Driver/stm32f1xx_hal_tim.o
                0x0800106c                HAL_TIM_Base_MspInit
 .text.HAL_TIM_Base_Start_IT
                0x0800106e       0x18 Drivers/STM32F1xx_HAL_Driver/stm32f1xx_hal_tim.o
                0x0800106e                HAL_TIM_Base_Start_IT
 .text.HAL_TIM_OC_DelayElapsedCallback
                0x08001086        0x2 Drivers/STM32F1xx_HAL_Driver/stm32f1xx_hal_tim.o
                0x08001086                HAL_TIM_OC_DelayElapsedCallback
 .text.HAL_TIM_IC_CaptureCallback
                0x08001088        0x2 Drivers/STM32F1xx_HAL_Driver/stm32f1xx_hal_tim.o
                0x08001088                HAL_TIM_IC_CaptureCallback
 .text.HAL_TIM_PWM_PulseFinishedCallback
                0x0800108a        0x2 Drivers/STM32F1xx_HAL_Driver/stm32f1xx_hal_tim.o
                0x0800108a                HAL_TIM_PWM_PulseFinishedCallback
 .text.HAL_TIM_TriggerCallback
                0x0800108c        0x2 Drivers/STM32F1xx_HAL_Driver/stm32f1xx_hal_tim.o
                0x0800108c                HAL_TIM_TriggerCallback
 .text.HAL_TIM_IRQHandler
                0x0800108e      0x17a Drivers/STM32F1xx_HAL_Driver/stm32f1xx_hal_tim.o
                0x0800108e                HAL_TIM_IRQHandler
 .text.TIM_Base_SetConfig
                0x08001208       0x78 Drivers/STM32F1xx_HAL_Driver/stm32f1xx_hal_tim.o
                0x08001208                TIM_Base_SetConfig
 .text.HAL_TIM_Base_Init
                0x08001280       0x32 Drivers/STM32F1xx_HAL_Driver/stm32f1xx_hal_tim.o
                0x08001280                HAL_TIM_Base_Init
 .text.HAL_TIMEx_CommutationCallback
                0x080012b2        0x2 Drivers/STM32F1xx_HAL_Driver/stm32f1xx_hal_tim_ex.o
                0x080012b2                HAL_TIMEx_CommutationCallback
 .text.HAL_TIMEx_BreakCallback
                0x080012b4        0x2 Drivers/STM32F1xx_HAL_Driver/stm32f1xx_hal_tim_ex.o
                0x080012b4                HAL_TIMEx_BreakCallback
 .text.makeFreeRtosPriority
                0x080012b6        0xc Middlewares/FreeRTOS/cmsis_os.o
 .text.osKernelStart
                0x080012c2        0xa Middlewares/FreeRTOS/cmsis_os.o
                0x080012c2                osKernelStart
 .text.osThreadCreate
                0x080012cc       0x34 Middlewares/FreeRTOS/cmsis_os.o
                0x080012cc                osThreadCreate
 .text.osDelay  0x08001300       0x12 Middlewares/FreeRTOS/cmsis_os.o
                0x08001300                osDelay
 .text.osSemaphoreCreate
                0x08001312       0x26 Middlewares/FreeRTOS/cmsis_os.o
                0x08001312                osSemaphoreCreate
 .text.osSystickHandler
                0x08001338       0x10 Middlewares/FreeRTOS/cmsis_os.o
                0x08001338                osSystickHandler
 .text.prvHeapInit
                0x08001348       0x30 Middlewares/FreeRTOS/heap_2.o
 .text.pvPortMalloc
                0x08001378       0xb0 Middlewares/FreeRTOS/heap_2.o
                0x08001378                pvPortMalloc
 .text.vPortFree
                0x08001428       0x44 Middlewares/FreeRTOS/heap_2.o
                0x08001428                vPortFree
 .text.vListInitialise
                0x0800146c       0x16 Middlewares/FreeRTOS/list.o
                0x0800146c                vListInitialise
 .text.vListInitialiseItem
                0x08001482        0x6 Middlewares/FreeRTOS/list.o
                0x08001482                vListInitialiseItem
 .text.vListInsertEnd
                0x08001488       0x18 Middlewares/FreeRTOS/list.o
                0x08001488                vListInsertEnd
 .text.vListInsert
                0x080014a0       0x34 Middlewares/FreeRTOS/list.o
                0x080014a0                vListInsert
 .text.uxListRemove
                0x080014d4       0x26 Middlewares/FreeRTOS/list.o
                0x080014d4                uxListRemove
 *fill*         0x080014fa        0x2 
 .text.prvTaskExitError
                0x080014fc       0x34 Middlewares/FreeRTOS/port.o
 .text.prvPortStartFirstTask
                0x08001530       0x20 Middlewares/FreeRTOS/port.o
 .text.pxPortInitialiseStack
                0x08001550       0x24 Middlewares/FreeRTOS/port.o
                0x08001550                pxPortInitialiseStack
 *fill*         0x08001574        0xc 
 .text.SVC_Handler
                0x08001580       0x24 Middlewares/FreeRTOS/port.o
                0x08001580                SVC_Handler
 .text.vPortEnterCritical
                0x080015a4       0x44 Middlewares/FreeRTOS/port.o
                0x080015a4                vPortEnterCritical
 .text.vPortExitCritical
                0x080015e8       0x2c Middlewares/FreeRTOS/port.o
                0x080015e8                vPortExitCritical
 *fill*         0x08001614        0xc 
 .text.PendSV_Handler
                0x08001620       0x44 Middlewares/FreeRTOS/port.o
                0x08001620                PendSV_Handler
 .text.xPortSysTickHandler
                0x08001664       0x2c Middlewares/FreeRTOS/port.o
                0x08001664                xPortSysTickHandler
 .text.vPortSetupTimerInterrupt
                0x08001690       0x2c Middlewares/FreeRTOS/port.o
                0x08001690                vPortSetupTimerInterrupt
 .text.xPortStartScheduler
                0x080016bc       0x90 Middlewares/FreeRTOS/port.o
                0x080016bc                xPortStartScheduler
 .text.prvIsQueueFull
                0x0800174c       0x1e Middlewares/FreeRTOS/queue.o
 .text.prvCopyDataToQueue
                0x0800176a       0x76 Middlewares/FreeRTOS/queue.o
 .text.prvUnlockQueue
                0x080017e0       0x6e Middlewares/FreeRTOS/queue.o
 *fill*         0x0800184e        0x2 
 .text.xQueueGenericReset
                0x08001850       0x80 Middlewares/FreeRTOS/queue.o
                0x08001850                xQueueGenericReset
 .text.prvInitialiseNewQueue
                0x080018d0       0x1c Middlewares/FreeRTOS/queue.o
 .text.xQueueGenericCreate
                0x080018ec       0x48 Middlewares/FreeRTOS/queue.o
                0x080018ec                xQueueGenericCreate
 .text.xQueueGenericSend
                0x08001934      0x188 Middlewares/FreeRTOS/queue.o
                0x08001934                xQueueGenericSend
 .text.prvResetNextTaskUnblockTime
                0x08001abc       0x2c Middlewares/FreeRTOS/tasks.o
 .text.prvDeleteTCB
                0x08001ae8       0x12 Middlewares/FreeRTOS/tasks.o
 .text.prvInitialiseNewTask
                0x08001afa       0x80 Middlewares/FreeRTOS/tasks.o
 *fill*         0x08001b7a        0x2 
 .text.prvInitialiseTaskLists
                0x08001b7c       0x58 Middlewares/FreeRTOS/tasks.o
 .text.prvAddNewTaskToReadyList
                0x08001bd4       0xac Middlewares/FreeRTOS/tasks.o
 .text.prvAddCurrentTaskToDelayedList
                0x08001c80       0x88 Middlewares/FreeRTOS/tasks.o
 .text.xTaskCreate
                0x08001d08       0x62 Middlewares/FreeRTOS/tasks.o
                0x08001d08                xTaskCreate
 *fill*         0x08001d6a        0x2 
 .text.vTaskStartScheduler
                0x08001d6c       0x74 Middlewares/FreeRTOS/tasks.o
                0x08001d6c                vTaskStartScheduler
 .text.vTaskSuspendAll
                0x08001de0       0x14 Middlewares/FreeRTOS/tasks.o
                0x08001de0                vTaskSuspendAll
 .text.xTaskIncrementTick
                0x08001df4      0x114 Middlewares/FreeRTOS/tasks.o
                0x08001df4                xTaskIncrementTick
 .text.xTaskResumeAll
                0x08001f08       0xf4 Middlewares/FreeRTOS/tasks.o
                0x08001f08                xTaskResumeAll
 .text.vTaskDelay
                0x08001ffc       0x50 Middlewares/FreeRTOS/tasks.o
                0x08001ffc                vTaskDelay
 .text.prvCheckTasksWaitingTermination
                0x0800204c       0x54 Middlewares/FreeRTOS/tasks.o
 .text.prvIdleTask
                0x080020a0       0x28 Middlewares/FreeRTOS/tasks.o
 .text.vTaskSwitchContext
                0x080020c8       0x8c Middlewares/FreeRTOS/tasks.o
                0x080020c8                vTaskSwitchContext
 .text.vTaskPlaceOnEventList
                0x08002154       0x34 Middlewares/FreeRTOS/tasks.o
                0x08002154                vTaskPlaceOnEventList
 .text.xTaskRemoveFromEventList
                0x08002188       0x84 Middlewares/FreeRTOS/tasks.o
                0x08002188                xTaskRemoveFromEventList
 .text.vTaskSetTimeOutState
                0x0800220c       0x28 Middlewares/FreeRTOS/tasks.o
                0x0800220c                vTaskSetTimeOutState
 .text.xTaskCheckForTimeOut
                0x08002234       0x80 Middlewares/FreeRTOS/tasks.o
                0x08002234                xTaskCheckForTimeOut
 .text.vTaskMissedYield
                0x080022b4       0x10 Middlewares/FreeRTOS/tasks.o
                0x080022b4                vTaskMissedYield
 .text.xTaskGetSchedulerState
                0x080022c4       0x20 Middlewares/FreeRTOS/tasks.o
                0x080022c4                xTaskGetSchedulerState
 .text.xTaskPriorityDisinherit
                0x080022e4       0xb8 Middlewares/FreeRTOS/tasks.o
                0x080022e4                xTaskPriorityDisinherit
 .text.OLED_SendCom
                0x0800239c       0x28 Src/OLEDDisplay.o
 .text.OLED_SendByteArr
                0x080023c4       0x24 Src/OLEDDisplay.o
 .text.OLED_draw8x8
                0x080023e8       0x60 Src/OLEDDisplay.o
                0x080023e8                OLED_draw8x8
 .text.OLED_SetCursor
                0x08002448       0x20 Src/OLEDDisplay.o
                0x08002448                OLED_SetCursor
 .text.OLED_Refresh
                0x08002468       0x28 Src/OLEDDisplay.o
                0x08002468                OLED_Refresh
 .text.OLED_PrintChar
                0x08002490       0x24 Src/OLEDDisplay.o
                0x08002490                OLED_PrintChar
 .text.OLED_PrintString
                0x080024b4       0x14 Src/OLEDDisplay.o
                0x080024b4                OLED_PrintString
 .text.OLED_PrintNumber
                0x080024c8       0x18 Src/OLEDDisplay.o
                0x080024c8                OLED_PrintNumber
 .text.StartDefaultTask
                0x080024e0       0x10 Src/freertos.o
                0x080024e0                StartDefaultTask
 .text.StartTask02
                0x080024f0       0x2c Src/freertos.o
                0x080024f0                StartTask02
 .text.MX_FREERTOS_Init
                0x0800251c       0x5c Src/freertos.o
                0x0800251c                MX_FREERTOS_Init
 .text.MX_GPIO_Init
                0x08002578       0xc0 Src/gpio.o
                0x08002578                MX_GPIO_Init
 .text.HAL_I2C_MspInit
                0x08002638       0x90 Src/i2c.o
                0x08002638                HAL_I2C_MspInit
 .text.MX_I2C1_Init
                0x080026c8       0x48 Src/i2c.o
                0x080026c8                MX_I2C1_Init
 .text.MX_I2C2_Init
                0x08002710       0x48 Src/i2c.o
                0x08002710                MX_I2C2_Init
 .text.MX_NVIC_Init
                0x08002758       0x14 Src/main.o
 .text.HAL_TIM_PeriodElapsedCallback
                0x0800276c       0x18 Src/main.o
                0x0800276c                HAL_TIM_PeriodElapsedCallback
 .text._Error_Handler
                0x08002784        0x2 Src/main.o
                0x08002784                _Error_Handler
 *fill*         0x08002786        0x2 
 .text.SystemClock_Config
                0x08002788       0x84 Src/main.o
                0x08002788                SystemClock_Config
 .text.main     0x0800280c       0x24 Src/main.o
                0x0800280c                main
 .text.HAL_MspInit
                0x08002830       0x94 Src/stm32f1xx_hal_msp.o
                0x08002830                HAL_MspInit
 .text.HAL_InitTick
                0x080028c4       0x78 Src/stm32f1xx_hal_timebase_TIM.o
                0x080028c4                HAL_InitTick
 .text.NMI_Handler
                0x0800293c        0x2 Src/stm32f1xx_it.o
                0x0800293c                NMI_Handler
 .text.HardFault_Handler
                0x0800293e        0x2 Src/stm32f1xx_it.o
                0x0800293e                HardFault_Handler
 .text.MemManage_Handler
                0x08002940        0x2 Src/stm32f1xx_it.o
                0x08002940                MemManage_Handler
 .text.BusFault_Handler
                0x08002942        0x2 Src/stm32f1xx_it.o
                0x08002942                BusFault_Handler
 .text.UsageFault_Handler
                0x08002944        0x2 Src/stm32f1xx_it.o
                0x08002944                UsageFault_Handler
 .text.DebugMon_Handler
                0x08002946        0x2 Src/stm32f1xx_it.o
                0x08002946                DebugMon_Handler
 .text.SysTick_Handler
                0x08002948        0x8 Src/stm32f1xx_it.o
                0x08002948                SysTick_Handler
 .text.EXTI9_5_IRQHandler
                0x08002950        0xa Src/stm32f1xx_it.o
                0x08002950                EXTI9_5_IRQHandler
 *fill*         0x0800295a        0x2 
 .text.TIM1_UP_IRQHandler
                0x0800295c       0x10 Src/stm32f1xx_it.o
                0x0800295c                TIM1_UP_IRQHandler
 .text.SystemInit
                0x0800296c       0x4c Src/system_stm32f1xx.o
                0x0800296c                SystemInit
 .text.Reset_Handler
                0x080029b8       0x48 startup/startup_stm32f103xb.o
                0x080029b8                Reset_Handler
 .text.Default_Handler
                0x08002a00        0x2 startup/startup_stm32f103xb.o
                0x08002a00                RTC_Alarm_IRQHandler
                0x08002a00                EXTI2_IRQHandler
                0x08002a00                TIM1_CC_IRQHandler
                0x08002a00                PVD_IRQHandler
                0x08002a00                EXTI3_IRQHandler
                0x08002a00                EXTI0_IRQHandler
                0x08002a00                I2C2_EV_IRQHandler
                0x08002a00                ADC1_2_IRQHandler
                0x08002a00                SPI1_IRQHandler
                0x08002a00                TAMPER_IRQHandler
                0x08002a00                DMA1_Channel4_IRQHandler
                0x08002a00                USART3_IRQHandler
                0x08002a00                RTC_IRQHandler
                0x08002a00                DMA1_Channel7_IRQHandler
                0x08002a00                CAN1_RX1_IRQHandler
                0x08002a00                TIM4_IRQHandler
                0x08002a00                I2C1_EV_IRQHandler
                0x08002a00                DMA1_Channel6_IRQHandler
                0x08002a00                TIM3_IRQHandler
                0x08002a00                RCC_IRQHandler
                0x08002a00                TIM1_TRG_COM_IRQHandler
                0x08002a00                DMA1_Channel1_IRQHandler
                0x08002a00                Default_Handler
                0x08002a00                EXTI15_10_IRQHandler
                0x08002a00                SPI2_IRQHandler
                0x08002a00                DMA1_Channel5_IRQHandler
                0x08002a00                EXTI4_IRQHandler
                0x08002a00                USB_LP_CAN1_RX0_IRQHandler
                0x08002a00                USB_HP_CAN1_TX_IRQHandler
                0x08002a00                DMA1_Channel3_IRQHandler
                0x08002a00                WWDG_IRQHandler
                0x08002a00                TIM2_IRQHandler
                0x08002a00                TIM1_BRK_IRQHandler
                0x08002a00                EXTI1_IRQHandler
                0x08002a00                USART2_IRQHandler
                0x08002a00                I2C2_ER_IRQHandler
                0x08002a00                DMA1_Channel2_IRQHandler
                0x08002a00                CAN1_SCE_IRQHandler
                0x08002a00                FLASH_IRQHandler
                0x08002a00                USART1_IRQHandler
                0x08002a00                I2C1_ER_IRQHandler
                0x08002a00                USBWakeUp_IRQHandler
 *fill*         0x08002a02        0x2 
 .text.__libc_init_array
                0x08002a04       0x48 c:/ac6/systemworkbench/plugins/fr.ac6.mcu.externaltools.arm-none.win32_1.15.0.201708311556/tools/compiler/bin/../lib/gcc/arm-none-eabi/6.3.1/../../../../arm-none-eabi/lib/thumb/v7-m\libc_nano.a(lib_a-init.o)
                0x08002a04                __libc_init_array
 .text.__itoa   0x08002a4c       0x30 c:/ac6/systemworkbench/plugins/fr.ac6.mcu.externaltools.arm-none.win32_1.15.0.201708311556/tools/compiler/bin/../lib/gcc/arm-none-eabi/6.3.1/../../../../arm-none-eabi/lib/thumb/v7-m\libc_nano.a(lib_a-itoa.o)
                0x08002a4c                __itoa
 .text.itoa     0x08002a7c        0x4 c:/ac6/systemworkbench/plugins/fr.ac6.mcu.externaltools.arm-none.win32_1.15.0.201708311556/tools/compiler/bin/../lib/gcc/arm-none-eabi/6.3.1/../../../../arm-none-eabi/lib/thumb/v7-m\libc_nano.a(lib_a-itoa.o)
                0x08002a7c                itoa
 .text.memcpy   0x08002a80       0x16 c:/ac6/systemworkbench/plugins/fr.ac6.mcu.externaltools.arm-none.win32_1.15.0.201708311556/tools/compiler/bin/../lib/gcc/arm-none-eabi/6.3.1/../../../../arm-none-eabi/lib/thumb/v7-m\libc_nano.a(lib_a-memcpy-stub.o)
                0x08002a80                memcpy
 *fill*         0x08002a96        0x2 
 .text.__utoa   0x08002a98       0x80 c:/ac6/systemworkbench/plugins/fr.ac6.mcu.externaltools.arm-none.win32_1.15.0.201708311556/tools/compiler/bin/../lib/gcc/arm-none-eabi/6.3.1/../../../../arm-none-eabi/lib/thumb/v7-m\libc_nano.a(lib_a-utoa.o)
                0x08002a98                __utoa
 *(.glue_7)
 .glue_7        0x08002b18        0x0 linker stubs
 *(.glue_7t)
 .glue_7t       0x08002b18        0x0 linker stubs
 *(.eh_frame)
 .eh_frame      0x08002b18        0x0 c:/ac6/systemworkbench/plugins/fr.ac6.mcu.externaltools.arm-none.win32_1.15.0.201708311556/tools/compiler/bin/../lib/gcc/arm-none-eabi/6.3.1/thumb/v7-m/crtbegin.o
 *(.init)
 .init          0x08002b18        0x4 c:/ac6/systemworkbench/plugins/fr.ac6.mcu.externaltools.arm-none.win32_1.15.0.201708311556/tools/compiler/bin/../lib/gcc/arm-none-eabi/6.3.1/thumb/v7-m/crti.o
                0x08002b18                _init
 .init          0x08002b1c        0x8 c:/ac6/systemworkbench/plugins/fr.ac6.mcu.externaltools.arm-none.win32_1.15.0.201708311556/tools/compiler/bin/../lib/gcc/arm-none-eabi/6.3.1/thumb/v7-m/crtn.o
 *(.fini)
 .fini          0x08002b24        0x4 c:/ac6/systemworkbench/plugins/fr.ac6.mcu.externaltools.arm-none.win32_1.15.0.201708311556/tools/compiler/bin/../lib/gcc/arm-none-eabi/6.3.1/thumb/v7-m/crti.o
                0x08002b24                _fini
 .fini          0x08002b28        0x8 c:/ac6/systemworkbench/plugins/fr.ac6.mcu.externaltools.arm-none.win32_1.15.0.201708311556/tools/compiler/bin/../lib/gcc/arm-none-eabi/6.3.1/thumb/v7-m/crtn.o
                0x08002b30                . = ALIGN (0x4)
                0x08002b30                _etext = .

.vfp11_veneer   0x08002b30        0x0
 .vfp11_veneer  0x08002b30        0x0 linker stubs

.v4_bx          0x08002b30        0x0
 .v4_bx         0x08002b30        0x0 linker stubs

.iplt           0x08002b30        0x0
 .iplt          0x08002b30        0x0 c:/ac6/systemworkbench/plugins/fr.ac6.mcu.externaltools.arm-none.win32_1.15.0.201708311556/tools/compiler/bin/../lib/gcc/arm-none-eabi/6.3.1/thumb/v7-m/crtbegin.o

.rodata         0x08002b30      0x90c
                0x08002b30                . = ALIGN (0x4)
 *(.rodata)
 .rodata        0x08002b30       0x12 Drivers/STM32F1xx_HAL_Driver/stm32f1xx_hal_rcc.o
 *fill*         0x08002b42        0x2 
 .rodata        0x08002b44      0x854 Src/OLEDDisplay.o
                0x08002b44                init
                0x08002b58                text_font
 .rodata        0x08003398       0x28 Src/freertos.o
 .rodata        0x080033c0       0x18 Src/system_stm32f1xx.o
                0x080033c0                AHBPrescTable
                0x080033d0                APBPrescTable
 *(.rodata*)
 .rodata.str1.4
                0x080033d8        0x5 Middlewares/FreeRTOS/tasks.o
 *fill*         0x080033dd        0x3 
 .rodata.str1.4
                0x080033e0       0x14 Src/freertos.o
 .rodata.str1.4
                0x080033f4        0xd Src/i2c.o
 *fill*         0x08003401        0x3 
 .rodata.str1.4
                0x08003404       0x10 Src/main.o
                                  0xe (size before relaxing)
 .rodata.__utoa.str1.1
                0x08003414       0x25 c:/ac6/systemworkbench/plugins/fr.ac6.mcu.externaltools.arm-none.win32_1.15.0.201708311556/tools/compiler/bin/../lib/gcc/arm-none-eabi/6.3.1/../../../../arm-none-eabi/lib/thumb/v7-m\libc_nano.a(lib_a-utoa.o)
                0x0800343c                . = ALIGN (0x4)
 *fill*         0x08003439        0x3 

.rel.dyn        0x0800343c        0x0
 .rel.iplt      0x0800343c        0x0 c:/ac6/systemworkbench/plugins/fr.ac6.mcu.externaltools.arm-none.win32_1.15.0.201708311556/tools/compiler/bin/../lib/gcc/arm-none-eabi/6.3.1/thumb/v7-m/crtbegin.o

.ARM.extab
 *(.ARM.extab* .gnu.linkonce.armextab.*)

.ARM            0x0800343c        0x0
                0x0800343c                __exidx_start = .
 *(.ARM.exidx*)
                0x0800343c                __exidx_end = .

.preinit_array  0x0800343c        0x0
                0x0800343c                PROVIDE (__preinit_array_start, .)
 *(.preinit_array*)
                0x0800343c                PROVIDE (__preinit_array_end, .)

.init_array     0x0800343c        0x4
                0x0800343c                PROVIDE (__init_array_start, .)
 *(SORT(.init_array.*))
 *(.init_array*)
 .init_array    0x0800343c        0x4 c:/ac6/systemworkbench/plugins/fr.ac6.mcu.externaltools.arm-none.win32_1.15.0.201708311556/tools/compiler/bin/../lib/gcc/arm-none-eabi/6.3.1/thumb/v7-m/crtbegin.o
                0x08003440                PROVIDE (__init_array_end, .)

.fini_array     0x08003440        0x4
                [!provide]                PROVIDE (__fini_array_start, .)
 *(SORT(.fini_array.*))
 *(.fini_array*)
 .fini_array    0x08003440        0x4 c:/ac6/systemworkbench/plugins/fr.ac6.mcu.externaltools.arm-none.win32_1.15.0.201708311556/tools/compiler/bin/../lib/gcc/arm-none-eabi/6.3.1/thumb/v7-m/crtbegin.o
                [!provide]                PROVIDE (__fini_array_end, .)
                0x08003444                _sidata = LOADADDR (.data)

.data           0x20000000        0xc load address 0x08003444
                0x20000000                . = ALIGN (0x4)
                0x20000000                _sdata = .
 *(.data)
 .data          0x20000000        0x4 Middlewares/FreeRTOS/heap_2.o
 .data          0x20000004        0x4 Middlewares/FreeRTOS/port.o
 .data          0x20000008        0x4 Src/system_stm32f1xx.o
                0x20000008                SystemCoreClock
 *(.data*)
                0x2000000c                . = ALIGN (0x4)
                0x2000000c                _edata = .

.jcr            0x2000000c        0x0 load address 0x08003450
 .jcr           0x2000000c        0x0 c:/ac6/systemworkbench/plugins/fr.ac6.mcu.externaltools.arm-none.win32_1.15.0.201708311556/tools/compiler/bin/../lib/gcc/arm-none-eabi/6.3.1/thumb/v7-m/crtbegin.o

.igot.plt       0x2000000c        0x0 load address 0x08003450
 .igot.plt      0x2000000c        0x0 c:/ac6/systemworkbench/plugins/fr.ac6.mcu.externaltools.arm-none.win32_1.15.0.201708311556/tools/compiler/bin/../lib/gcc/arm-none-eabi/6.3.1/thumb/v7-m/crtbegin.o
                0x2000000c                . = ALIGN (0x4)

.bss            0x2000000c     0x1264 load address 0x08003450
                0x2000000c                _sbss = .
                0x2000000c                __bss_start__ = _sbss
 *(.bss)
 .bss           0x2000000c       0x1c c:/ac6/systemworkbench/plugins/fr.ac6.mcu.externaltools.arm-none.win32_1.15.0.201708311556/tools/compiler/bin/../lib/gcc/arm-none-eabi/6.3.1/thumb/v7-m/crtbegin.o
 .bss           0x20000028      0xc14 Middlewares/FreeRTOS/heap_2.o
 .bss           0x20000c3c        0x8 Middlewares/FreeRTOS/port.o
 .bss           0x20000c44      0x12c Middlewares/FreeRTOS/tasks.o
                0x20000d44                pxCurrentTCB
 .bss           0x20000d70      0x404 Src/OLEDDisplay.o
                0x20000d70                posY
                0x20000d71                posX
 .bss           0x20001174        0x4 Src/freertos.o
 *(.bss*)
 *(COMMON)
 COMMON         0x20001178        0x4 Drivers/STM32F1xx_HAL_Driver/stm32f1xx_hal.o
                0x20001178                uwTick
 COMMON         0x2000117c        0xc Src/freertos.o
                0x2000117c                defaultTaskHandle
                0x20001180                LedTaskHandle
                0x20001184                BinarySemDisplayHandle
 COMMON         0x20001188       0xa8 Src/i2c.o
                0x20001188                hi2c1
                0x200011dc                hi2c2
 COMMON         0x20001230       0x40 Src/stm32f1xx_hal_timebase_TIM.o
                0x20001230                htim1
                0x20001270                . = ALIGN (0x4)
                0x20001270                _ebss = .
                0x20001270                __bss_end__ = _ebss

._user_heap_stack
                0x20001270      0x600 load address 0x08003450
                0x20001270                . = ALIGN (0x8)
                [!provide]                PROVIDE (end, .)
                [!provide]                PROVIDE (_end, .)
                0x20001470                . = (. + _Min_Heap_Size)
 *fill*         0x20001270      0x200 
                0x20001870                . = (. + _Min_Stack_Size)
 *fill*         0x20001470      0x400 
                0x20001870                . = ALIGN (0x8)

/DISCARD/
 libc.a(*)
 libm.a(*)
 libgcc.a(*)

.ARM.attributes
                0x00000000       0x29
 *(.ARM.attributes)
 .ARM.attributes
                0x00000000       0x1d c:/ac6/systemworkbench/plugins/fr.ac6.mcu.externaltools.arm-none.win32_1.15.0.201708311556/tools/compiler/bin/../lib/gcc/arm-none-eabi/6.3.1/thumb/v7-m/crti.o
 .ARM.attributes
                0x0000001d       0x2d c:/ac6/systemworkbench/plugins/fr.ac6.mcu.externaltools.arm-none.win32_1.15.0.201708311556/tools/compiler/bin/../lib/gcc/arm-none-eabi/6.3.1/thumb/v7-m/crtbegin.o
 .ARM.attributes
                0x0000004a       0x33 Drivers/STM32F1xx_HAL_Driver/stm32f1xx_hal.o
 .ARM.attributes
                0x0000007d       0x33 Drivers/STM32F1xx_HAL_Driver/stm32f1xx_hal_cortex.o
 .ARM.attributes
                0x000000b0       0x33 Drivers/STM32F1xx_HAL_Driver/stm32f1xx_hal_gpio.o
 .ARM.attributes
                0x000000e3       0x33 Drivers/STM32F1xx_HAL_Driver/stm32f1xx_hal_i2c.o
 .ARM.attributes
                0x00000116       0x33 Drivers/STM32F1xx_HAL_Driver/stm32f1xx_hal_rcc.o
 .ARM.attributes
                0x00000149       0x33 Drivers/STM32F1xx_HAL_Driver/stm32f1xx_hal_tim.o
 .ARM.attributes
                0x0000017c       0x33 Drivers/STM32F1xx_HAL_Driver/stm32f1xx_hal_tim_ex.o
 .ARM.attributes
                0x000001af       0x33 Middlewares/FreeRTOS/cmsis_os.o
 .ARM.attributes
                0x000001e2       0x33 Middlewares/FreeRTOS/heap_2.o
 .ARM.attributes
                0x00000215       0x33 Middlewares/FreeRTOS/list.o
 .ARM.attributes
                0x00000248       0x33 Middlewares/FreeRTOS/port.o
 .ARM.attributes
                0x0000027b       0x33 Middlewares/FreeRTOS/queue.o
 .ARM.attributes
                0x000002ae       0x33 Middlewares/FreeRTOS/tasks.o
 .ARM.attributes
                0x000002e1       0x33 Src/OLEDDisplay.o
 .ARM.attributes
                0x00000314       0x33 Src/freertos.o
 .ARM.attributes
                0x00000347       0x33 Src/gpio.o
 .ARM.attributes
                0x0000037a       0x33 Src/i2c.o
 .ARM.attributes
                0x000003ad       0x33 Src/main.o
 .ARM.attributes
                0x000003e0       0x33 Src/stm32f1xx_hal_msp.o
 .ARM.attributes
                0x00000413       0x33 Src/stm32f1xx_hal_timebase_TIM.o
 .ARM.attributes
                0x00000446       0x33 Src/stm32f1xx_it.o
 .ARM.attributes
                0x00000479       0x33 Src/system_stm32f1xx.o
 .ARM.attributes
                0x000004ac       0x21 startup/startup_stm32f103xb.o
 .ARM.attributes
                0x000004cd       0x2d c:/ac6/systemworkbench/plugins/fr.ac6.mcu.externaltools.arm-none.win32_1.15.0.201708311556/tools/compiler/bin/../lib/gcc/arm-none-eabi/6.3.1/../../../../arm-none-eabi/lib/thumb/v7-m\libc_nano.a(lib_a-init.o)
 .ARM.attributes
                0x000004fa       0x2d c:/ac6/systemworkbench/plugins/fr.ac6.mcu.externaltools.arm-none.win32_1.15.0.201708311556/tools/compiler/bin/../lib/gcc/arm-none-eabi/6.3.1/../../../../arm-none-eabi/lib/thumb/v7-m\libc_nano.a(lib_a-itoa.o)
 .ARM.attributes
                0x00000527       0x2d c:/ac6/systemworkbench/plugins/fr.ac6.mcu.externaltools.arm-none.win32_1.15.0.201708311556/tools/compiler/bin/../lib/gcc/arm-none-eabi/6.3.1/../../../../arm-none-eabi/lib/thumb/v7-m\libc_nano.a(lib_a-memcpy-stub.o)
 .ARM.attributes
                0x00000554       0x2d c:/ac6/systemworkbench/plugins/fr.ac6.mcu.externaltools.arm-none.win32_1.15.0.201708311556/tools/compiler/bin/../lib/gcc/arm-none-eabi/6.3.1/../../../../arm-none-eabi/lib/thumb/v7-m\libc_nano.a(lib_a-utoa.o)
 .ARM.attributes
                0x00000581       0x1d c:/ac6/systemworkbench/plugins/fr.ac6.mcu.externaltools.arm-none.win32_1.15.0.201708311556/tools/compiler/bin/../lib/gcc/arm-none-eabi/6.3.1/thumb/v7-m/crtn.o
OUTPUT(CubeMxFRTOSAqua.elf elf32-littlearm)

.debug_info     0x00000000    0x1e25b
 .debug_info    0x00000000      0xee6 Drivers/STM32F1xx_HAL_Driver/stm32f1xx_hal.o
 .debug_info    0x00000ee6     0x147b Drivers/STM32F1xx_HAL_Driver/stm32f1xx_hal_cortex.o
 .debug_info    0x00002361      0xe8b Drivers/STM32F1xx_HAL_Driver/stm32f1xx_hal_gpio.o
 .debug_info    0x000031ec     0x37a2 Drivers/STM32F1xx_HAL_Driver/stm32f1xx_hal_i2c.o
 .debug_info    0x0000698e     0x1181 Drivers/STM32F1xx_HAL_Driver/stm32f1xx_hal_rcc.o
 .debug_info    0x00007b0f     0x3656 Drivers/STM32F1xx_HAL_Driver/stm32f1xx_hal_tim.o
 .debug_info    0x0000b165     0x1ad1 Drivers/STM32F1xx_HAL_Driver/stm32f1xx_hal_tim_ex.o
 .debug_info    0x0000cc36     0x231d Middlewares/FreeRTOS/cmsis_os.o
 .debug_info    0x0000ef53      0xb64 Middlewares/FreeRTOS/heap_2.o
 .debug_info    0x0000fab7      0xad0 Middlewares/FreeRTOS/list.o
 .debug_info    0x00010587      0x4ce Middlewares/FreeRTOS/port.o
 .debug_info    0x00010a55     0x1f92 Middlewares/FreeRTOS/queue.o
 .debug_info    0x000129e7     0x291e Middlewares/FreeRTOS/tasks.o
 .debug_info    0x00015305     0x15a6 Src/OLEDDisplay.o
 .debug_info    0x000168ab      0xcb9 Src/freertos.o
 .debug_info    0x00017564      0xbfa Src/gpio.o
 .debug_info    0x0001815e     0x11e0 Src/i2c.o
 .debug_info    0x0001933e     0x1562 Src/main.o
 .debug_info    0x0001a8a0      0xcbb Src/stm32f1xx_hal_msp.o
 .debug_info    0x0001b55b     0x11a5 Src/stm32f1xx_hal_timebase_TIM.o
 .debug_info    0x0001c700      0xece Src/stm32f1xx_it.o
 .debug_info    0x0001d5ce      0xc1b Src/system_stm32f1xx.o
 .debug_info    0x0001e1e9       0x72 startup/startup_stm32f103xb.o

.debug_abbrev   0x00000000     0x3d42
 .debug_abbrev  0x00000000      0x2e5 Drivers/STM32F1xx_HAL_Driver/stm32f1xx_hal.o
 .debug_abbrev  0x000002e5      0x3cb Drivers/STM32F1xx_HAL_Driver/stm32f1xx_hal_cortex.o
 .debug_abbrev  0x000006b0      0x2a5 Drivers/STM32F1xx_HAL_Driver/stm32f1xx_hal_gpio.o
 .debug_abbrev  0x00000955      0x306 Drivers/STM32F1xx_HAL_Driver/stm32f1xx_hal_i2c.o
 .debug_abbrev  0x00000c5b      0x320 Drivers/STM32F1xx_HAL_Driver/stm32f1xx_hal_rcc.o
 .debug_abbrev  0x00000f7b      0x2eb Drivers/STM32F1xx_HAL_Driver/stm32f1xx_hal_tim.o
 .debug_abbrev  0x00001266      0x2dc Drivers/STM32F1xx_HAL_Driver/stm32f1xx_hal_tim_ex.o
 .debug_abbrev  0x00001542      0x3ce Middlewares/FreeRTOS/cmsis_os.o
 .debug_abbrev  0x00001910      0x2b8 Middlewares/FreeRTOS/heap_2.o
 .debug_abbrev  0x00001bc8      0x21a Middlewares/FreeRTOS/list.o
 .debug_abbrev  0x00001de2      0x24c Middlewares/FreeRTOS/port.o
 .debug_abbrev  0x0000202e      0x37d Middlewares/FreeRTOS/queue.o
 .debug_abbrev  0x000023ab      0x3cb Middlewares/FreeRTOS/tasks.o
 .debug_abbrev  0x00002776      0x30e Src/OLEDDisplay.o
 .debug_abbrev  0x00002a84      0x268 Src/freertos.o
 .debug_abbrev  0x00002cec      0x229 Src/gpio.o
 .debug_abbrev  0x00002f15      0x256 Src/i2c.o
 .debug_abbrev  0x0000316b      0x2a4 Src/main.o
 .debug_abbrev  0x0000340f      0x232 Src/stm32f1xx_hal_msp.o
 .debug_abbrev  0x00003641      0x295 Src/stm32f1xx_hal_timebase_TIM.o
 .debug_abbrev  0x000038d6      0x234 Src/stm32f1xx_it.o
 .debug_abbrev  0x00003b0a      0x226 Src/system_stm32f1xx.o
 .debug_abbrev  0x00003d30       0x12 startup/startup_stm32f103xb.o

.debug_loc      0x00000000     0xc29f
 .debug_loc     0x00000000       0x69 Drivers/STM32F1xx_HAL_Driver/stm32f1xx_hal.o
 .debug_loc     0x00000069      0x5ad Drivers/STM32F1xx_HAL_Driver/stm32f1xx_hal_cortex.o
 .debug_loc     0x00000616      0x42d Drivers/STM32F1xx_HAL_Driver/stm32f1xx_hal_gpio.o
 .debug_loc     0x00000a43     0x31b6 Drivers/STM32F1xx_HAL_Driver/stm32f1xx_hal_i2c.o
 .debug_loc     0x00003bf9      0x483 Drivers/STM32F1xx_HAL_Driver/stm32f1xx_hal_rcc.o
 .debug_loc     0x0000407c     0x34d2 Drivers/STM32F1xx_HAL_Driver/stm32f1xx_hal_tim.o
 .debug_loc     0x0000754e      0xec0 Drivers/STM32F1xx_HAL_Driver/stm32f1xx_hal_tim_ex.o
 .debug_loc     0x0000840e      0xfe2 Middlewares/FreeRTOS/cmsis_os.o
 .debug_loc     0x000093f0      0x1c1 Middlewares/FreeRTOS/heap_2.o
 .debug_loc     0x000095b1       0x70 Middlewares/FreeRTOS/list.o
 .debug_loc     0x00009621       0xce Middlewares/FreeRTOS/port.o
 .debug_loc     0x000096ef      0xe4e Middlewares/FreeRTOS/queue.o
 .debug_loc     0x0000a53d     0x14e6 Middlewares/FreeRTOS/tasks.o
 .debug_loc     0x0000ba23      0x602 Src/OLEDDisplay.o
 .debug_loc     0x0000c025       0x42 Src/freertos.o
 .debug_loc     0x0000c067       0xa6 Src/i2c.o
 .debug_loc     0x0000c10d       0x3a Src/main.o
 .debug_loc     0x0000c147       0x79 Src/stm32f1xx_hal_timebase_TIM.o
 .debug_loc     0x0000c1c0       0xdf Src/system_stm32f1xx.o

.debug_aranges  0x00000000     0x10f8
 .debug_aranges
                0x00000000       0xb8 Drivers/STM32F1xx_HAL_Driver/stm32f1xx_hal.o
 .debug_aranges
                0x000000b8       0x90 Drivers/STM32F1xx_HAL_Driver/stm32f1xx_hal_cortex.o
 .debug_aranges
                0x00000148       0x58 Drivers/STM32F1xx_HAL_Driver/stm32f1xx_hal_gpio.o
 .debug_aranges
                0x000001a0      0x268 Drivers/STM32F1xx_HAL_Driver/stm32f1xx_hal_i2c.o
 .debug_aranges
                0x00000408       0x90 Drivers/STM32F1xx_HAL_Driver/stm32f1xx_hal_rcc.o
 .debug_aranges
                0x00000498      0x368 Drivers/STM32F1xx_HAL_Driver/stm32f1xx_hal_tim.o
 .debug_aranges
                0x00000800      0x138 Drivers/STM32F1xx_HAL_Driver/stm32f1xx_hal_tim_ex.o
 .debug_aranges
                0x00000938      0x1d8 Middlewares/FreeRTOS/cmsis_os.o
 .debug_aranges
                0x00000b10       0x40 Middlewares/FreeRTOS/heap_2.o
 .debug_aranges
                0x00000b50       0x40 Middlewares/FreeRTOS/list.o
 .debug_aranges
                0x00000b90       0x78 Middlewares/FreeRTOS/port.o
 .debug_aranges
                0x00000c08       0xe0 Middlewares/FreeRTOS/queue.o
 .debug_aranges
                0x00000ce8      0x190 Middlewares/FreeRTOS/tasks.o
 .debug_aranges
                0x00000e78       0xb8 Src/OLEDDisplay.o
 .debug_aranges
                0x00000f30       0x30 Src/freertos.o
 .debug_aranges
                0x00000f60       0x20 Src/gpio.o
 .debug_aranges
                0x00000f80       0x38 Src/i2c.o
 .debug_aranges
                0x00000fb8       0x40 Src/main.o
 .debug_aranges
                0x00000ff8       0x20 Src/stm32f1xx_hal_msp.o
 .debug_aranges
                0x00001018       0x30 Src/stm32f1xx_hal_timebase_TIM.o
 .debug_aranges
                0x00001048       0x60 Src/stm32f1xx_it.o
 .debug_aranges
                0x000010a8       0x28 Src/system_stm32f1xx.o
 .debug_aranges
                0x000010d0       0x28 startup/startup_stm32f103xb.o

.debug_ranges   0x00000000     0x1160
 .debug_ranges  0x00000000       0xa8 Drivers/STM32F1xx_HAL_Driver/stm32f1xx_hal.o
 .debug_ranges  0x000000a8       0xe0 Drivers/STM32F1xx_HAL_Driver/stm32f1xx_hal_cortex.o
 .debug_ranges  0x00000188       0x48 Drivers/STM32F1xx_HAL_Driver/stm32f1xx_hal_gpio.o
 .debug_ranges  0x000001d0      0x258 Drivers/STM32F1xx_HAL_Driver/stm32f1xx_hal_i2c.o
 .debug_ranges  0x00000428       0xa0 Drivers/STM32F1xx_HAL_Driver/stm32f1xx_hal_rcc.o
 .debug_ranges  0x000004c8      0x358 Drivers/STM32F1xx_HAL_Driver/stm32f1xx_hal_tim.o
 .debug_ranges  0x00000820      0x128 Drivers/STM32F1xx_HAL_Driver/stm32f1xx_hal_tim_ex.o
 .debug_ranges  0x00000948      0x1c8 Middlewares/FreeRTOS/cmsis_os.o
 .debug_ranges  0x00000b10       0x30 Middlewares/FreeRTOS/heap_2.o
 .debug_ranges  0x00000b40       0x30 Middlewares/FreeRTOS/list.o
 .debug_ranges  0x00000b70       0x68 Middlewares/FreeRTOS/port.o
 .debug_ranges  0x00000bd8      0x180 Middlewares/FreeRTOS/queue.o
 .debug_ranges  0x00000d58      0x208 Middlewares/FreeRTOS/tasks.o
 .debug_ranges  0x00000f60       0xc0 Src/OLEDDisplay.o
 .debug_ranges  0x00001020       0x20 Src/freertos.o
 .debug_ranges  0x00001040       0x10 Src/gpio.o
 .debug_ranges  0x00001050       0x28 Src/i2c.o
 .debug_ranges  0x00001078       0x30 Src/main.o
 .debug_ranges  0x000010a8       0x10 Src/stm32f1xx_hal_msp.o
 .debug_ranges  0x000010b8       0x20 Src/stm32f1xx_hal_timebase_TIM.o
 .debug_ranges  0x000010d8       0x50 Src/stm32f1xx_it.o
 .debug_ranges  0x00001128       0x18 Src/system_stm32f1xx.o
 .debug_ranges  0x00001140       0x20 startup/startup_stm32f103xb.o

.debug_macro    0x00000000    0x183e3
 .debug_macro   0x00000000      0x30a Drivers/STM32F1xx_HAL_Driver/stm32f1xx_hal.o
 .debug_macro   0x0000030a      0x8bc Drivers/STM32F1xx_HAL_Driver/stm32f1xx_hal.o
 .debug_macro   0x00000bc6       0x52 Drivers/STM32F1xx_HAL_Driver/stm32f1xx_hal.o
 .debug_macro   0x00000c18      0x169 Drivers/STM32F1xx_HAL_Driver/stm32f1xx_hal.o
 .debug_macro   0x00000d81       0x2e Drivers/STM32F1xx_HAL_Driver/stm32f1xx_hal.o
 .debug_macro   0x00000daf       0x22 Drivers/STM32F1xx_HAL_Driver/stm32f1xx_hal.o
 .debug_macro   0x00000dd1       0x22 Drivers/STM32F1xx_HAL_Driver/stm32f1xx_hal.o
 .debug_macro   0x00000df3       0x87 Drivers/STM32F1xx_HAL_Driver/stm32f1xx_hal.o
 .debug_macro   0x00000e7a       0x51 Drivers/STM32F1xx_HAL_Driver/stm32f1xx_hal.o
 .debug_macro   0x00000ecb       0xef Drivers/STM32F1xx_HAL_Driver/stm32f1xx_hal.o
 .debug_macro   0x00000fba       0x6a Drivers/STM32F1xx_HAL_Driver/stm32f1xx_hal.o
 .debug_macro   0x00001024      0x1df Drivers/STM32F1xx_HAL_Driver/stm32f1xx_hal.o
 .debug_macro   0x00001203       0x34 Drivers/STM32F1xx_HAL_Driver/stm32f1xx_hal.o
 .debug_macro   0x00001237       0x34 Drivers/STM32F1xx_HAL_Driver/stm32f1xx_hal.o
 .debug_macro   0x0000126b      0xb8e Drivers/STM32F1xx_HAL_Driver/stm32f1xx_hal.o
 .debug_macro   0x00001df9     0xe90a Drivers/STM32F1xx_HAL_Driver/stm32f1xx_hal.o
 .debug_macro   0x00010703       0x43 Drivers/STM32F1xx_HAL_Driver/stm32f1xx_hal.o
 .debug_macro   0x00010746       0x58 Drivers/STM32F1xx_HAL_Driver/stm32f1xx_hal.o
 .debug_macro   0x0001079e       0x35 Drivers/STM32F1xx_HAL_Driver/stm32f1xx_hal.o
 .debug_macro   0x000107d3       0x9c Drivers/STM32F1xx_HAL_Driver/stm32f1xx_hal.o
 .debug_macro   0x0001086f       0x16 Drivers/STM32F1xx_HAL_Driver/stm32f1xx_hal.o
 .debug_macro   0x00010885       0x97 Drivers/STM32F1xx_HAL_Driver/stm32f1xx_hal.o
 .debug_macro   0x0001091c      0x330 Drivers/STM32F1xx_HAL_Driver/stm32f1xx_hal.o
 .debug_macro   0x00010c4c       0xfd Drivers/STM32F1xx_HAL_Driver/stm32f1xx_hal.o
 .debug_macro   0x00010d49       0x10 Drivers/STM32F1xx_HAL_Driver/stm32f1xx_hal.o
 .debug_macro   0x00010d59       0x58 Drivers/STM32F1xx_HAL_Driver/stm32f1xx_hal.o
 .debug_macro   0x00010db1       0x1f Drivers/STM32F1xx_HAL_Driver/stm32f1xx_hal.o
 .debug_macro   0x00010dd0       0x43 Drivers/STM32F1xx_HAL_Driver/stm32f1xx_hal.o
 .debug_macro   0x00010e13       0x20 Drivers/STM32F1xx_HAL_Driver/stm32f1xx_hal.o
 .debug_macro   0x00010e33      0x187 Drivers/STM32F1xx_HAL_Driver/stm32f1xx_hal.o
 .debug_macro   0x00010fba       0x10 Drivers/STM32F1xx_HAL_Driver/stm32f1xx_hal.o
 .debug_macro   0x00010fca       0x1c Drivers/STM32F1xx_HAL_Driver/stm32f1xx_hal.o
 .debug_macro   0x00010fe6       0x52 Drivers/STM32F1xx_HAL_Driver/stm32f1xx_hal.o
 .debug_macro   0x00011038       0x40 Drivers/STM32F1xx_HAL_Driver/stm32f1xx_hal.o
 .debug_macro   0x00011078       0x10 Drivers/STM32F1xx_HAL_Driver/stm32f1xx_hal.o
 .debug_macro   0x00011088       0x40 Drivers/STM32F1xx_HAL_Driver/stm32f1xx_hal.o
 .debug_macro   0x000110c8       0xd7 Drivers/STM32F1xx_HAL_Driver/stm32f1xx_hal.o
 .debug_macro   0x0001119f       0x16 Drivers/STM32F1xx_HAL_Driver/stm32f1xx_hal.o
 .debug_macro   0x000111b5      0x18b Drivers/STM32F1xx_HAL_Driver/stm32f1xx_hal.o
 .debug_macro   0x00011340       0x50 Drivers/STM32F1xx_HAL_Driver/stm32f1xx_hal.o
 .debug_macro   0x00011390      0x5c2 Drivers/STM32F1xx_HAL_Driver/stm32f1xx_hal.o
 .debug_macro   0x00011952      0x28b Drivers/STM32F1xx_HAL_Driver/stm32f1xx_hal.o
 .debug_macro   0x00011bdd      0x1cb Drivers/STM32F1xx_HAL_Driver/stm32f1xx_hal.o
 .debug_macro   0x00011da8      0x11e Drivers/STM32F1xx_HAL_Driver/stm32f1xx_hal.o
 .debug_macro   0x00011ec6      0x197 Drivers/STM32F1xx_HAL_Driver/stm32f1xx_hal.o
 .debug_macro   0x0001205d       0x27 Drivers/STM32F1xx_HAL_Driver/stm32f1xx_hal.o
 .debug_macro   0x00012084      0x1bc Drivers/STM32F1xx_HAL_Driver/stm32f1xx_hal.o
 .debug_macro   0x00012240       0x34 Drivers/STM32F1xx_HAL_Driver/stm32f1xx_hal.o
 .debug_macro   0x00012274       0x3c Drivers/STM32F1xx_HAL_Driver/stm32f1xx_hal.o
 .debug_macro   0x000122b0       0x57 Drivers/STM32F1xx_HAL_Driver/stm32f1xx_hal.o
 .debug_macro   0x00012307       0x8c Drivers/STM32F1xx_HAL_Driver/stm32f1xx_hal.o
 .debug_macro   0x00012393      0x242 Drivers/STM32F1xx_HAL_Driver/stm32f1xx_hal.o
 .debug_macro   0x000125d5      0x248 Drivers/STM32F1xx_HAL_Driver/stm32f1xx_hal.o
 .debug_macro   0x0001281d      0x143 Drivers/STM32F1xx_HAL_Driver/stm32f1xx_hal.o
 .debug_macro   0x00012960      0x84c Drivers/STM32F1xx_HAL_Driver/stm32f1xx_hal.o
 .debug_macro   0x000131ac       0x1f Drivers/STM32F1xx_HAL_Driver/stm32f1xx_hal.o
 .debug_macro   0x000131cb       0x7c Drivers/STM32F1xx_HAL_Driver/stm32f1xx_hal.o
 .debug_macro   0x00013247      0x2e6 Drivers/STM32F1xx_HAL_Driver/stm32f1xx_hal_cortex.o
 .debug_macro   0x0001352d      0x356 Drivers/STM32F1xx_HAL_Driver/stm32f1xx_hal_gpio.o
 .debug_macro   0x00013883      0x326 Drivers/STM32F1xx_HAL_Driver/stm32f1xx_hal_i2c.o
 .debug_macro   0x00013ba9      0x2f8 Drivers/STM32F1xx_HAL_Driver/stm32f1xx_hal_rcc.o
 .debug_macro   0x00013ea1      0x2e7 Drivers/STM32F1xx_HAL_Driver/stm32f1xx_hal_tim.o
 .debug_macro   0x00014188      0x2e6 Drivers/STM32F1xx_HAL_Driver/stm32f1xx_hal_tim_ex.o
 .debug_macro   0x0001446e      0x1f3 Middlewares/FreeRTOS/cmsis_os.o
 .debug_macro   0x00014661       0x52 Middlewares/FreeRTOS/cmsis_os.o
 .debug_macro   0x000146b3       0x8d Middlewares/FreeRTOS/cmsis_os.o
 .debug_macro   0x00014740      0x174 Middlewares/FreeRTOS/cmsis_os.o
 .debug_macro   0x000148b4       0x57 Middlewares/FreeRTOS/cmsis_os.o
 .debug_macro   0x0001490b       0x10 Middlewares/FreeRTOS/cmsis_os.o
 .debug_macro   0x0001491b       0x35 Middlewares/FreeRTOS/cmsis_os.o
 .debug_macro   0x00014950       0xd2 Middlewares/FreeRTOS/cmsis_os.o
 .debug_macro   0x00014a22      0x168 Middlewares/FreeRTOS/cmsis_os.o
 .debug_macro   0x00014b8a       0xe4 Middlewares/FreeRTOS/cmsis_os.o
 .debug_macro   0x00014c6e       0x10 Middlewares/FreeRTOS/cmsis_os.o
 .debug_macro   0x00014c7e       0x1f Middlewares/FreeRTOS/cmsis_os.o
 .debug_macro   0x00014c9d      0x40f Middlewares/FreeRTOS/cmsis_os.o
 .debug_macro   0x000150ac       0xc0 Middlewares/FreeRTOS/cmsis_os.o
 .debug_macro   0x0001516c       0x8c Middlewares/FreeRTOS/cmsis_os.o
 .debug_macro   0x000151f8       0x91 Middlewares/FreeRTOS/cmsis_os.o
 .debug_macro   0x00015289       0x94 Middlewares/FreeRTOS/cmsis_os.o
 .debug_macro   0x0001531d       0x63 Middlewares/FreeRTOS/cmsis_os.o
 .debug_macro   0x00015380       0x19 Middlewares/FreeRTOS/cmsis_os.o
 .debug_macro   0x00015399       0xcf Middlewares/FreeRTOS/cmsis_os.o
 .debug_macro   0x00015468       0x26 Middlewares/FreeRTOS/cmsis_os.o
 .debug_macro   0x0001548e      0x1b9 Middlewares/FreeRTOS/heap_2.o
 .debug_macro   0x00015647      0x18b Middlewares/FreeRTOS/list.o
 .debug_macro   0x000157d2      0x185 Middlewares/FreeRTOS/port.o
 .debug_macro   0x00015957      0x207 Middlewares/FreeRTOS/queue.o
 .debug_macro   0x00015b5e       0x16 Middlewares/FreeRTOS/queue.o
 .debug_macro   0x00015b74      0x26a Middlewares/FreeRTOS/tasks.o
 .debug_macro   0x00015dde       0x11 Middlewares/FreeRTOS/tasks.o
 .debug_macro   0x00015def      0x433 Src/OLEDDisplay.o
 .debug_macro   0x00016222       0x82 Src/OLEDDisplay.o
 .debug_macro   0x000162a4      0x45d Src/OLEDDisplay.o
 .debug_macro   0x00016701       0x1c Src/OLEDDisplay.o
 .debug_macro   0x0001671d       0x3a Src/OLEDDisplay.o
 .debug_macro   0x00016757       0xa2 Src/OLEDDisplay.o
 .debug_macro   0x000167f9      0x3ab Src/freertos.o
 .debug_macro   0x00016ba4      0x16f Src/freertos.o
 .debug_macro   0x00016d13      0x2f0 Src/gpio.o
 .debug_macro   0x00017003      0x2fa Src/i2c.o
 .debug_macro   0x000172fd      0x3b2 Src/main.o
 .debug_macro   0x000176af       0xd8 Src/main.o
 .debug_macro   0x00017787      0x2e6 Src/stm32f1xx_hal_msp.o
 .debug_macro   0x00017a6d      0x2e6 Src/stm32f1xx_hal_timebase_TIM.o
 .debug_macro   0x00017d53      0x3a4 Src/stm32f1xx_it.o
 .debug_macro   0x000180f7      0x2ec Src/system_stm32f1xx.o

.debug_line     0x00000000     0xe653
 .debug_line    0x00000000      0x8da Drivers/STM32F1xx_HAL_Driver/stm32f1xx_hal.o
 .debug_line    0x000008da      0x91c Drivers/STM32F1xx_HAL_Driver/stm32f1xx_hal_cortex.o
 .debug_line    0x000011f6      0x91e Drivers/STM32F1xx_HAL_Driver/stm32f1xx_hal_gpio.o
 .debug_line    0x00001b14     0x19ea Drivers/STM32F1xx_HAL_Driver/stm32f1xx_hal_i2c.o
 .debug_line    0x000034fe      0xa11 Drivers/STM32F1xx_HAL_Driver/stm32f1xx_hal_rcc.o
 .debug_line    0x00003f0f     0x1727 Drivers/STM32F1xx_HAL_Driver/stm32f1xx_hal_tim.o
 .debug_line    0x00005636      0xcfc Drivers/STM32F1xx_HAL_Driver/stm32f1xx_hal_tim_ex.o
 .debug_line    0x00006332      0xc21 Middlewares/FreeRTOS/cmsis_os.o
 .debug_line    0x00006f53      0x608 Middlewares/FreeRTOS/heap_2.o
 .debug_line    0x0000755b      0x5c7 Middlewares/FreeRTOS/list.o
 .debug_line    0x00007b22      0x5a4 Middlewares/FreeRTOS/port.o
 .debug_line    0x000080c6      0xae0 Middlewares/FreeRTOS/queue.o
 .debug_line    0x00008ba6      0xe34 Middlewares/FreeRTOS/tasks.o
 .debug_line    0x000099da      0x9e3 Src/OLEDDisplay.o
 .debug_line    0x0000a3bd      0x9a6 Src/freertos.o
 .debug_line    0x0000ad63      0x73b Src/gpio.o
 .debug_line    0x0000b49e      0x79b Src/i2c.o
 .debug_line    0x0000bc39      0x9bc Src/main.o
 .debug_line    0x0000c5f5      0x735 Src/stm32f1xx_hal_msp.o
 .debug_line    0x0000cd2a      0x765 Src/stm32f1xx_hal_timebase_TIM.o
 .debug_line    0x0000d48f      0x9de Src/stm32f1xx_it.o
 .debug_line    0x0000de6d      0x769 Src/system_stm32f1xx.o
 .debug_line    0x0000e5d6       0x7d startup/startup_stm32f103xb.o

.debug_str      0x00000000    0x7a866
 .debug_str     0x00000000    0x6e0c3 Drivers/STM32F1xx_HAL_Driver/stm32f1xx_hal.o
                              0x6e45c (size before relaxing)
 .debug_str     0x0006e0c3      0x310 Drivers/STM32F1xx_HAL_Driver/stm32f1xx_hal_cortex.o
                              0x6e467 (size before relaxing)
 .debug_str     0x0006e3d3      0x3db Drivers/STM32F1xx_HAL_Driver/stm32f1xx_hal_gpio.o
                              0x6e1ae (size before relaxing)
 .debug_str     0x0006e7ae      0xefc Drivers/STM32F1xx_HAL_Driver/stm32f1xx_hal_i2c.o
                              0x6ece7 (size before relaxing)
 .debug_str     0x0006f6aa      0x380 Drivers/STM32F1xx_HAL_Driver/stm32f1xx_hal_rcc.o
                              0x6e203 (size before relaxing)
 .debug_str     0x0006fa2a      0xf53 Drivers/STM32F1xx_HAL_Driver/stm32f1xx_hal_tim.o
                              0x6ef03 (size before relaxing)
 .debug_str     0x0007097d      0x529 Drivers/STM32F1xx_HAL_Driver/stm32f1xx_hal_tim_ex.o
                              0x6e7a5 (size before relaxing)
 .debug_str     0x00070ea6     0x5d3c Middlewares/FreeRTOS/cmsis_os.o
                               0xc3dc (size before relaxing)
 .debug_str     0x00076be2      0x4d5 Middlewares/FreeRTOS/heap_2.o
                               0x9ed3 (size before relaxing)
 .debug_str     0x000770b7      0x175 Middlewares/FreeRTOS/list.o
                               0x9679 (size before relaxing)
 .debug_str     0x0007722c      0x744 Middlewares/FreeRTOS/port.o
                               0x75db (size before relaxing)
 .debug_str     0x00077970      0x6a9 Middlewares/FreeRTOS/queue.o
                               0xacaf (size before relaxing)
 .debug_str     0x00078019      0xed9 Middlewares/FreeRTOS/tasks.o
                               0xb6ff (size before relaxing)
 .debug_str     0x00078ef2     0x164d Src/OLEDDisplay.o
                              0x6f8e7 (size before relaxing)
 .debug_str     0x0007a53f       0xd3 Src/freertos.o
                              0x731f7 (size before relaxing)
 .debug_str     0x0007a612       0x2b Src/gpio.o
                              0x6de18 (size before relaxing)
 .debug_str     0x0007a63d       0x40 Src/i2c.o
                              0x6e308 (size before relaxing)
 .debug_str     0x0007a67d       0x54 Src/main.o
                              0x73af4 (size before relaxing)
 .debug_str     0x0007a6d1       0x1b Src/stm32f1xx_hal_msp.o
                              0x6e0b7 (size before relaxing)
 .debug_str     0x0007a6ec       0x61 Src/stm32f1xx_hal_timebase_TIM.o
                              0x6e590 (size before relaxing)
 .debug_str     0x0007a74d       0xb0 Src/stm32f1xx_it.o
                              0x733f6 (size before relaxing)
 .debug_str     0x0007a7fd       0x69 Src/system_stm32f1xx.o
                              0x6de21 (size before relaxing)

.comment        0x00000000       0x7f
 .comment       0x00000000       0x7f Drivers/STM32F1xx_HAL_Driver/stm32f1xx_hal.o
                                 0x80 (size before relaxing)
 .comment       0x0000007f       0x80 Drivers/STM32F1xx_HAL_Driver/stm32f1xx_hal_cortex.o
 .comment       0x0000007f       0x80 Drivers/STM32F1xx_HAL_Driver/stm32f1xx_hal_gpio.o
 .comment       0x0000007f       0x80 Drivers/STM32F1xx_HAL_Driver/stm32f1xx_hal_i2c.o
 .comment       0x0000007f       0x80 Drivers/STM32F1xx_HAL_Driver/stm32f1xx_hal_rcc.o
 .comment       0x0000007f       0x80 Drivers/STM32F1xx_HAL_Driver/stm32f1xx_hal_tim.o
 .comment       0x0000007f       0x80 Drivers/STM32F1xx_HAL_Driver/stm32f1xx_hal_tim_ex.o
 .comment       0x0000007f       0x80 Middlewares/FreeRTOS/cmsis_os.o
 .comment       0x0000007f       0x80 Middlewares/FreeRTOS/heap_2.o
 .comment       0x0000007f       0x80 Middlewares/FreeRTOS/list.o
 .comment       0x0000007f       0x80 Middlewares/FreeRTOS/port.o
 .comment       0x0000007f       0x80 Middlewares/FreeRTOS/queue.o
 .comment       0x0000007f       0x80 Middlewares/FreeRTOS/tasks.o
 .comment       0x0000007f       0x80 Src/OLEDDisplay.o
 .comment       0x0000007f       0x80 Src/freertos.o
 .comment       0x0000007f       0x80 Src/gpio.o
 .comment       0x0000007f       0x80 Src/i2c.o
 .comment       0x0000007f       0x80 Src/main.o
 .comment       0x0000007f       0x80 Src/stm32f1xx_hal_msp.o
 .comment       0x0000007f       0x80 Src/stm32f1xx_hal_timebase_TIM.o
 .comment       0x0000007f       0x80 Src/stm32f1xx_it.o
 .comment       0x0000007f       0x80 Src/system_stm32f1xx.o

.debug_frame    0x00000000     0x2f54
 .debug_frame   0x00000000      0x178 Drivers/STM32F1xx_HAL_Driver/stm32f1xx_hal.o
 .debug_frame   0x00000178      0x12c Drivers/STM32F1xx_HAL_Driver/stm32f1xx_hal_cortex.o
 .debug_frame   0x000002a4       0xe4 Drivers/STM32F1xx_HAL_Driver/stm32f1xx_hal_gpio.o
 .debug_frame   0x00000388      0x848 Drivers/STM32F1xx_HAL_Driver/stm32f1xx_hal_i2c.o
 .debug_frame   0x00000bd0      0x164 Drivers/STM32F1xx_HAL_Driver/stm32f1xx_hal_rcc.o
 .debug_frame   0x00000d34      0x9e0 Drivers/STM32F1xx_HAL_Driver/stm32f1xx_hal_tim.o
 .debug_frame   0x00001714      0x374 Drivers/STM32F1xx_HAL_Driver/stm32f1xx_hal_tim_ex.o
 .debug_frame   0x00001a88      0x584 Middlewares/FreeRTOS/cmsis_os.o
 .debug_frame   0x0000200c       0x80 Middlewares/FreeRTOS/heap_2.o
 .debug_frame   0x0000208c       0x6c Middlewares/FreeRTOS/list.o
 .debug_frame   0x000020f8       0xe0 Middlewares/FreeRTOS/port.o
 .debug_frame   0x000021d8      0x2b4 Middlewares/FreeRTOS/queue.o
 .debug_frame   0x0000248c      0x4e8 Middlewares/FreeRTOS/tasks.o
 .debug_frame   0x00002974      0x210 Src/OLEDDisplay.o
 .debug_frame   0x00002b84       0x64 Src/freertos.o
 .debug_frame   0x00002be8       0x34 Src/gpio.o
 .debug_frame   0x00002c1c       0x78 Src/i2c.o
 .debug_frame   0x00002c94       0x88 Src/main.o
 .debug_frame   0x00002d1c       0x2c Src/stm32f1xx_hal_msp.o
 .debug_frame   0x00002d48       0x50 Src/stm32f1xx_hal_timebase_TIM.o
 .debug_frame   0x00002d98       0xb8 Src/stm32f1xx_it.o
 .debug_frame   0x00002e50       0x30 Src/system_stm32f1xx.o
 .debug_frame   0x00002e80       0x2c c:/ac6/systemworkbench/plugins/fr.ac6.mcu.externaltools.arm-none.win32_1.15.0.201708311556/tools/compiler/bin/../lib/gcc/arm-none-eabi/6.3.1/../../../../arm-none-eabi/lib/thumb/v7-m\libc_nano.a(lib_a-init.o)
 .debug_frame   0x00002eac       0x38 c:/ac6/systemworkbench/plugins/fr.ac6.mcu.externaltools.arm-none.win32_1.15.0.201708311556/tools/compiler/bin/../lib/gcc/arm-none-eabi/6.3.1/../../../../arm-none-eabi/lib/thumb/v7-m\libc_nano.a(lib_a-itoa.o)
 .debug_frame   0x00002ee4       0x28 c:/ac6/systemworkbench/plugins/fr.ac6.mcu.externaltools.arm-none.win32_1.15.0.201708311556/tools/compiler/bin/../lib/gcc/arm-none-eabi/6.3.1/../../../../arm-none-eabi/lib/thumb/v7-m\libc_nano.a(lib_a-memcpy-stub.o)
 .debug_frame   0x00002f0c       0x48 c:/ac6/systemworkbench/plugins/fr.ac6.mcu.externaltools.arm-none.win32_1.15.0.201708311556/tools/compiler/bin/../lib/gcc/arm-none-eabi/6.3.1/../../../../arm-none-eabi/lib/thumb/v7-m\libc_nano.a(lib_a-utoa.o)
